[dotenv@17.2.3] injecting env (1) from .env -- tip: ÔÜÖ´©Å  suppress all logs with { quiet: true }
Testing model: gemini-1.5-flash
node : FAILED: gemini-1.5-flash
At line:1 char:1
+ node test_genai_simple.js > test_output.txt 2>&1
+ ~~~~~~~~~~~~~~~~~~~~~~~~~~~~~~~~~~~~~~~~~~~~~~~~
    + CategoryInfo          : NotSpecified: (FAIL 
   ED: gemini-1.5-flash:String) [], RemoteExcept  
  ion
    + FullyQualifiedErrorId : NativeCommandError
 
[GoogleGenerativeAI Error]: Error fetching from ht
tps://generativelanguage.googleapis.com/v1beta/mod
els/gemini-1.5-flash:generateContent: [404 Not 
Found] models/gemini-1.5-flash is not found for 
API version v1beta, or is not supported for 
generateContent. Call ListModels to see the list 
of available models and their supported methods.
Testing model: gemini-pro
FAILED: gemini-pro
[GoogleGenerativeAI Error]: Error fetching from ht
tps://generativelanguage.googleapis.com/v1beta/mod
els/gemini-pro:generateContent: [404 Not Found] 
models/gemini-pro is not found for API version 
v1beta, or is not supported for generateContent. 
Call ListModels to see the list of available 
models and their supported methods.
Testing model: gemini-1.5-pro-latest
FAILED: gemini-1.5-pro-latest
[GoogleGenerativeAI Error]: Error fetching from ht
tps://generativelanguage.googleapis.com/v1beta/mod
els/gemini-1.5-pro-latest:generateContent: [404 
Not Found] models/gemini-1.5-pro-latest is not 
found for API version v1beta, or is not supported 
for generateContent. Call ListModels to see the 
list of available models and their supported 
methods.
Testing model: gemini-1.0-pro
FAILED: gemini-1.0-pro
[GoogleGenerativeAI Error]: Error fetching from ht
tps://generativelanguage.googleapis.com/v1beta/mod
els/gemini-1.0-pro:generateContent: [404 Not 
Found] models/gemini-1.0-pro is not found for API 
version v1beta, or is not supported for 
generateContent. Call ListModels to see the list 
of available models and their supported methods.
